==============================================================================
testDemo6 :: To validate the login form                                       
==============================================================================
Validate cards display in the shopping page                           | PASS |
------------------------------------------------------------------------------
testDemo6 :: To validate the login form                               | PASS |
1 test, 1 passed, 0 failed
==============================================================================
Output:  C:\Users\panda\PycharmProjects\Robot Framework New\tests\pabot_results\1\output.xml
